################################################################################
#                                                                              #
#      IAR Universal Linker V6.3.4.78                                          #
#                                                                              #
#           Link time     =  21/Apr/2016  16:23:02                             #
#           Target CPU    =  MSP430                                            #
#           List file     =  "C:\ECE-306 Code\Project 7\Debug\List\Project_7.m #
#                            ap"                                               #
#           Output file 1 =  "C:\ECE-306 Code\Project 7\Debug\Exe\Project_7.d4 #
#                            3"                                                #
#                            Format: ubrof10                                   #
#                            UBROF version 10.0.6                              #
#                            Using library modules for C-SPY (-rt)             #
#           Command line  =  "C:\ECE-306 Code\Project 7\Debug\Obj\ADC.r43"     #
#                            "C:\ECE-306 Code\Project 7\Debug\Obj\clocks.r43"  #
#                            "C:\ECE-306 Code\Project 7\Debug\Obj\display.r43" #
#                            "C:\ECE-306 Code\Project 7\Debug\Obj\init.r43"    #
#                            "C:\ECE-306 Code\Project 7\Debug\Obj\interrupts_t #
#                            imers.r43"                                        #
#                            "C:\ECE-306 Code\Project 7\LCD.r43"               #
#                            "C:\ECE-306 Code\Project 7\Debug\Obj\main.r43"    #
#                            "C:\ECE-306 Code\Project 7\Debug\Obj\ports.r43"   #
#                            "C:\ECE-306 Code\Project 7\Debug\Obj\serial.r43"  #
#                            "C:\ECE-306 Code\Project 7\Debug\Obj\shapes.r43"  #
#                            "C:\ECE-306 Code\Project 7\Debug\Obj\switch.r43"  #
#                            "C:\ECE-306 Code\Project 7\Debug\Obj\system.r43"  #
#                            "C:\ECE-306 Code\Project 7\Debug\Obj\TimerA0.r43" #
#                            "C:\ECE-306 Code\Project 7\Debug\Obj\TimerA1.r43" #
#                            "C:\ECE-306 Code\Project 7\Debug\Obj\TimerB1.r43" #
#                            "C:\ECE-306 Code\Project 7\Debug\Obj\TimerB2.r43" #
#                            "C:\ECE-306 Code\Project 7\Debug\Obj\timers.r43"  #
#                            "C:\ECE-306 Code\Project 7\Debug\Obj\wheels.r43"  #
#                            -o                                                #
#                            "C:\ECE-306 Code\Project 7\Debug\Exe\Project_7.d4 #
#                            3"                                                #
#                            -l                                                #
#                            "C:\ECE-306 Code\Project 7\Debug\List\Project_7.m #
#                            ap"                                               #
#                            -xesni                                            #
#                            "-IC:\Program Files (x86)\IAR Systems\Embedded Wo #
#                            rkbench 7.3\430\LIB\"                             #
#                            -f                                                #
#                            "C:\Program Files (x86)\IAR Systems\Embedded Work #
#                            bench 7.3\430\config\linker\lnk430fr5739.xcl"     #
#                            (-cmsp430 -QCODE_I=CODE_ID -QTLS16_I=TLS16_ID     #
#                            -D__iar_HWMUL=4C0 -Z(CONST)INFO=1800-18FF         #
#                            -Z(CONST)INFOA=1880-18FF                          #
#                            -Z(CONST)INFOB=1800-187F                          #
#                            -Z(DATA)DATA16_I,DATA16_Z,DATA16_N,TLS16_I=1C00-1 #
#                            FFF                                               #
#                            -Z(DATA)CODE_I                                    #
#                            -Z(DATA)DATA20_I,DATA20_Z,DATA20_N                #
#                            -Z(DATA)CSTACK+_STACK_SIZE#                       #
#                            -Z(CONST)DATA16_P,DATA20_P=C200-FF7F              #
#                            -Z(DATA)DATA16_HEAP+_DATA16_HEAP_SIZE,DATA20_HEAP #
#                            +_DATA20_HEAP_SIZE                                #
#                            -Z(CONST)MPU_B1                                   #
#                            -Z(CONST)DATA16_C,DATA16_ID,TLS16_ID,DIFUNCT,CHEC #
#                            KSUM=C200-FF7F                                    #
#                            -Z(CONST)DATA20_C,DATA20_ID -Z(CONST)MPU_B2       #
#                            -Z(CODE)CSTART,ISR_CODE,CODE_ID=C200-FF7F         #
#                            -P(CODE)CODE,CODE16=C200-FF7F -Z(CODE)CODE_PAD    #
#                            -Z(CONST)SIGNATURE=FF80-FF8F                      #
#                            -Z(CODE)INTVEC=FF90-FFFF                          #
#                            -Z(CODE)RESET=FFFE-FFFF) -f                       #
#                            "C:\Program Files (x86)\IAR Systems\Embedded Work #
#                            bench 7.3\430\config\linker\multiplier32.xcl"     #
#                            (-e?Mul8Hw=?Mul8 -e?Mul16Hw=?Mul16                #
#                            -e?Mul16to32uHw=?Mul16to32u                       #
#                            -e?Mul16to32sHw=?Mul16to32s -e?Mul32Hw32=?Mul32   #
#                            -e?Mul64Hw32=_Mul64i                              #
#                            -e?Mul32u32uto64iHw32=_Mul32u32uto64i             #
#                            -e?Mul32fHw32=_Mul32f                             #
#                            -e_Mul64fHw32Ptr=_Mul64fPtr) -D_STACK_SIZE=A0     #
#                            -rt                                               #
#                            "C:\Program Files (x86)\IAR Systems\Embedded Work #
#                            bench 7.3\430\lib\dlib\dl430xlsfn.r43"            #
#                            -e_PrintfLarge=_Printf -e_ScanfLarge=_Scanf       #
#                            -D_DATA16_HEAP_SIZE=A0 -s __program_start         #
#                            -D_DATA20_HEAP_SIZE=50                            #
#                                                                              #
#                           Copyright (C) 1987-2015 IAR Systems AB.            #
################################################################################





                ****************************************
                *                                      *
                *           CROSS REFERENCE            *
                *                                      *
                ****************************************

       Program entry at :           C378  Relocatable, from module : ?cstart




                ****************************************
                *                                      *
                *            RUNTIME MODEL             *
                *                                      *
                ****************************************

  __Heap_Handler             = Basic
  __SystemLibrary            = DLib
  __code_model               = large
  __core                     = 430X
  __data_model               = small
  __dlib_file_descriptor     = 0
  __dlib_full_locale_support = 0
  __double_size              = 32
  __pic                      = no
  __reg_r4                   = free
  __reg_r5                   = free
  __rt_version               = 3

                ****************************************
                *                                      *
                *    AUTOMATIC SYMBOL REDIRECTIONS     *
                *                                      *
                ****************************************

                  There are no automatic symbol redirections.

                ****************************************
                *                                      *
                *              ENTRY LIST              *
                *                                      *
                ****************************************

Module  Entry                              Address
------  -----                              -------
?FILLER_BYTES
?ABS_ENTRY_MOD
        _DATA20_HEAP_SIZE                   0050
        _DATA16_HEAP_SIZE                   00A0
        _STACK_SIZE                         00A0
        __iar_HWMUL                         04C0
ADC ( C:\ECE-306 Code\Project 7\Debug\Obj\ADC.r43 )
        _A_ADC10CTL0_L                      0700
        _A_ADC10CTL1_L                      0702
        _A_ADC10CTL2_L                      0704
        _A_ADC10MCTL0_L                     070A
        _A_ADC10MEM0_L                      0712
        _A_ADC10IE_L                        071A
        _A_ADC10IV_L                        071E
        ADC_Right_Detector                  1CA4
        ADC_Left_Detector                   1CA6
        ADC_Thumb                           1CA8
        current_ADC_channel                 NOT NEEDED
        black_line_detected                 1CAA
        black_line_detect                   1CAC
        adc_char                            NOT NEEDED
        r_adc_char                          1C04
        l_adc_char                          1C0C
        v_adc_char                          NOT NEEDED
        white_value                         1C00
        black_value                         1C02
        threshold                           1CAE
        calibrate_white                     1CB0
        calibrate_black                     1CB2
        adc_time                            1CB4
        count_adc_time                      1CB6
        try_back                            NOT NEEDED
        try_forward                         NOT NEEDED
        all_stop                            NOT NEEDED
        Init_ADC                            D118
        ADC10_ISR                           C3A0
        ADC_Process                         D258
        HEXtoBCD_l                          D032
        HEXtoBCD_r                          CFBE
        ADC10_ISR::??INTVEC 92              FFEC
        ?setjmp_save_r4                     NOT NEEDED
        ?setjmp_save_r5                     NOT NEEDED
        ADC10CTL0                           0700
        ADC10CTL0_H                         0701
        ADC10CTL0_L                         0700
        ADC10CTL1                           0702
        ADC10CTL1_H                         0703
        ADC10CTL1_L                         0702
        ADC10CTL2                           0704
        ADC10CTL2_H                         0705
        ADC10CTL2_L                         0704
        ADC10MCTL0                          070A
        ADC10MCTL0_H                        070B
        ADC10MCTL0_L                        070A
        ADC10MEM0                           0712
        ADC10MEM0_H                         0713
        ADC10MEM0_L                         0712
        ADC10IE                             071A
        ADC10IE_H                           071B
        ADC10IE_L                           071A
        ADC10IV                             071E
        ADC10IV_H                           071F
        ADC10IV_L                           071E
clocks ( C:\ECE-306 Code\Project 7\Debug\Obj\clocks.r43 )
        _A_CSCTL0_L                         0160
        _A_CSCTL1_L                         0162
        _A_CSCTL2_L                         0164
        _A_CSCTL3_L                         0166
        _A_CSCTL4_L                         0168
        _A_WDTCTL_L                         015C
        Init_Clocks                         D0A6
        ?setjmp_save_r4                     NOT NEEDED
        ?setjmp_save_r5                     NOT NEEDED
        CSCTL0                              0160
        CSCTL0_H                            0161
        CSCTL0_L                            0160
        CSCTL1                              0162
        CSCTL1_H                            0163
        CSCTL1_L                            0162
        CSCTL2                              0164
        CSCTL2_H                            0165
        CSCTL2_L                            0164
        CSCTL3                              0166
        CSCTL3_H                            0167
        CSCTL3_L                            0166
        CSCTL4                              0168
        CSCTL4_H                            0169
        CSCTL4_L                            0168
        WDTCTL                              015C
        WDTCTL_H                            015D
        WDTCTL_L                            015C
display ( C:\ECE-306 Code\Project 7\Debug\Obj\display.r43 )
        Display_Process                     D2E4
        ?setjmp_save_r4                     NOT NEEDED
        ?setjmp_save_r5                     NOT NEEDED
init ( C:\ECE-306 Code\Project 7\Debug\Obj\init.r43 )
        Init_Conditions                     D544
        ?setjmp_save_r4                     NOT NEEDED
        ?setjmp_save_r5                     NOT NEEDED
interrupts_timers ( C:\ECE-306 Code\Project 7\Debug\Obj\interrupts_timers.r43 )
        TA0CCR0                             0352
        TA0IV                               036E
        TA1CCR0                             0392
        TA1IV                               03AE
        timer                               1CB8
        minuteTime                          NOT NEEDED
        Timer0_A0_ISR                       C3F8
        TIMER0_A1_ISR                       C428
        Timer1_A0_ISR                       C444
        TIMER1_A1_ISR                       C454
        TIMER1_A1_ISR::??INTVEC 80          FFE0
        Timer1_A0_ISR::??INTVEC 82          FFE2
        TIMER0_A1_ISR::??INTVEC 88          FFE8
        Timer0_A0_ISR::??INTVEC 90          FFEA
        ?setjmp_save_r4                     NOT NEEDED
        ?setjmp_save_r5                     NOT NEEDED
LCD ( C:\ECE-306 Code\Project 7\LCD.r43 )
        _A_PAOUT_L                          0202
        _A_PBOUT_L                          0222
        _A_UCB0CTLW0_L                      0640
        _A_UCB0BRW_L                        0646
        _A_UCB0TXBUF_L                      064E
        _A_UCB0IFG_L                        066C
        SPI_Char                            NOT NEEDED
        lcd_control                         NOT NEEDED
        display_line_1                      1CF8
        display_line_2                      1D03
        display_line_3                      1D0E
        display_line_4                      1D19
        display_1                           1CBA
        display_2                           1CBC
        display_3                           1CBE
        display_4                           1CC0
        char_count                          NOT NEEDED
        current_line                        NOT NEEDED
        update_display_count                NOT NEEDED
        display_update_time                 NOT NEEDED
        spi_chipselect_idle                 D606
        spi_chipselect_active               D6A4
        spi_reset_idle                      D6B8
        spi_reset_active                    D6B0
        Init_LCD                            CE84
        lcd_4line                           NOT NEEDED
        lcd_BIG_mid                         NOT NEEDED
        lcd_out                             D520
        lcd_puts                            NOT NEEDED
        WriteIns                            D4D4
        WriteData                           D4FA
        CheckBusy                           NOT NEEDED
        ClrDisplay                          D698
        SetPostion                          D5F4
        DisplayOnOff                        D648
        Init_SPI_B0                         D328
        SPI_B0_write                        D5BA
        ?setjmp_save_r4                     NOT NEEDED
        ?setjmp_save_r5                     NOT NEEDED
        PAOUT                               0202
        PAOUT_H                             0203
        PAOUT_L                             0202
        PBOUT                               0222
        PBOUT_H                             0223
        PBOUT_L                             0222
        UCB0CTLW0                           0640
        UCB0CTLW0_H                         0641
        UCB0CTLW0_L                         0640
        UCB0BRW                             0646
        UCB0BRW_H                           0647
        UCB0BRW_L                           0646
        UCB0TXBUF                           064E
        UCB0TXBUF_H                         064F
        UCB0TXBUF_L                         064E
        UCB0IFG                             066C
        UCB0IFG_H                           066D
        UCB0IFG_L                           066C
main ( C:\ECE-306 Code\Project 7\Debug\Obj\main.r43 )
        _A_PAOUT_L                          NOT NEEDED
        _A_PJOUT_L                          0322
        TA1CCR0                             NOT NEEDED
        _A_UCA1TXBUF_L                      05EE
        control_state                       NOT NEEDED
        Time_Sequence                       1CC2
        led_smclk                           NOT NEEDED
        one_time                            NOT NEEDED
        five_msec_count                     NOT NEEDED
        posL1                               1D24
        posL2                               1D25
        posL3                               1D26
        posL4                               1D27
        size_count                          NOT NEEDED
        big                                 NOT NEEDED
        BAUD_MODE                           NOT NEEDED
        increment                           1CC4
        RESET_STRING                        1C14
        command_time                        1CC6
        j                                   1CC8
        rightForwardDuty                    1CCA
        rightReverseDuty                    1CCC
        leftForwardDuty                     1CCE
        leftReverseDuty                     1CD0
        controls_enabled                    1CD2
        display_adc                         1CD4
        count_array                         1D28
        main                                C5D6
        toInt                               D410
        counter                             D5CE
        HEXtoBCD                            C9F0
        ?setjmp_save_r4                     NOT NEEDED
        ?setjmp_save_r5                     NOT NEEDED
        PAOUT                               0202
        PAOUT_H                             0203
        PAOUT_L                             0202
        PJOUT                               0322
        PJOUT_H                             0323
        PJOUT_L                             0322
        UCA1TXBUF                           05EE
        UCA1TXBUF_H                         05EF
        UCA1TXBUF_L                         05EE
ports ( C:\ECE-306 Code\Project 7\Debug\Obj\ports.r43 )
        _A_PAOUT_L                          NOT NEEDED
        _A_PADIR_L                          0204
        _A_PAREN_L                          0206
        _A_PASEL0_L                         020A
        _A_PASEL1_L                         020C
        _A_PBOUT_L                          NOT NEEDED
        _A_PBDIR_L                          0224
        _A_PBREN_L                          0226
        _A_PBSEL0_L                         022A
        _A_PBSEL1_L                         022C
        _A_PJOUT_L                          NOT NEEDED
        _A_PJDIR_L                          0324
        _A_PJSEL0_L                         032A
        _A_PJSEL1_L                         032C
        Init_Ports                          D562
        Init_Port1                          CF24
        Init_Port2                          CDD6
        Init_Port3                          CD18
        Init_Port4                          D366
        Init_PortJ                          D29E
        ?setjmp_save_r4                     NOT NEEDED
        ?setjmp_save_r5                     NOT NEEDED
        PAOUT                               0202
        PAOUT_H                             0203
        PAOUT_L                             0202
        PADIR                               0204
        PADIR_H                             0205
        PADIR_L                             0204
        PAREN                               0206
        PAREN_H                             0207
        PAREN_L                             0206
        PASEL0                              020A
        PASEL0_H                            020B
        PASEL0_L                            020A
        PASEL1                              020C
        PASEL1_H                            020D
        PASEL1_L                            020C
        PBOUT                               0222
        PBOUT_H                             0223
        PBOUT_L                             0222
        PBDIR                               0224
        PBDIR_H                             0225
        PBDIR_L                             0224
        PBREN                               0226
        PBREN_H                             0227
        PBREN_L                             0226
        PBSEL0                              022A
        PBSEL0_H                            022B
        PBSEL0_L                            022A
        PBSEL1                              022C
        PBSEL1_H                            022D
        PBSEL1_L                            022C
        PJOUT                               0322
        PJOUT_H                             0323
        PJOUT_L                             0322
        PJDIR                               0324
        PJDIR_H                             0325
        PJDIR_L                             0324
        PJSEL0                              032A
        PJSEL0_H                            032B
        PJSEL0_L                            032A
        PJSEL1                              032C
        PJSEL1_H                            032D
        PJSEL1_L                            032C
serial ( C:\ECE-306 Code\Project 7\Debug\Obj\serial.r43 )
        _A_UCA0CTLW0_L                      05C0
        _A_UCA0BRW_L                        05C6
        _A_UCA0MCTLW_L                      05C8
        _A_UCA0RXBUF_L                      05CC
        _A_UCA0TXBUF_L                      05CE
        _A_UCA0IE_L                         05DA
        UCA0IV                              05DE
        _A_UCA1CTLW0_L                      05E0
        _A_UCA1BRW_L                        05E6
        _A_UCA1MCTLW_L                      05E8
        _A_UCA1RXBUF_L                      05EC
        _A_UCA1TXBUF_L                      NOT NEEDED
        _A_UCA1IE_L                         05FA
        UCA1IV                              05FE
        CPU_Char_Rx                         1D32
        FRAM_Char_Rx                        1D52
        fram_rx_ring_wr                     1CD6
        fram_tx_ring_wr                     1CD8
        fram_tx_ring_rd                     1CDA
        fram_rx_ring_rd                     1CDC
        cpu_rx_ring_wr                      1CDE
        command_flag                        NOT NEEDED
        command_received                    NOT NEEDED
        send_iot_command                    1CE0
        reset_iot                           1CE2
        DISASSOCIATION                      1C1D
        IPADD                               1C25
        IP                                  1D72
        ip_detected                         1CE4
        command                             1D82
        command_sent                        1CE6
        BSSLOST                             1C2D
        Init_Serial_UCA0                    D1EE
        Init_Serial_UCA1                    D184
        USCI_A0_ISR                         C470
        USCI_A1_ISR                         C4C8
        USCI_A1_ISR::??INTVEC 86            FFE6
        USCI_A0_ISR::??INTVEC 96            FFF0
        ?setjmp_save_r4                     NOT NEEDED
        ?setjmp_save_r5                     NOT NEEDED
        UCA0CTLW0                           05C0
        UCA0CTLW0_H                         05C1
        UCA0CTLW0_L                         05C0
        UCA0BRW                             05C6
        UCA0BRW_H                           05C7
        UCA0BRW_L                           05C6
        UCA0MCTLW                           05C8
        UCA0MCTLW_H                         05C9
        UCA0MCTLW_L                         05C8
        UCA0RXBUF                           05CC
        UCA0RXBUF_H                         05CD
        UCA0RXBUF_L                         05CC
        UCA0TXBUF                           05CE
        UCA0TXBUF_H                         05CF
        UCA0TXBUF_L                         05CE
        UCA0IE                              05DA
        UCA0IE_H                            05DB
        UCA0IE_L                            05DA
        UCA1CTLW0                           05E0
        UCA1CTLW0_H                         05E1
        UCA1CTLW0_L                         05E0
        UCA1BRW                             05E6
        UCA1BRW_H                           05E7
        UCA1BRW_L                           05E6
        UCA1MCTLW                           05E8
        UCA1MCTLW_H                         05E9
        UCA1MCTLW_L                         05E8
        UCA1RXBUF                           05EC
        UCA1RXBUF_H                         05ED
        UCA1RXBUF_L                         05EC
        UCA1TXBUF                           05EE
        UCA1TXBUF_H                         05EF
        UCA1TXBUF_L                         05EE
        UCA1IE                              05FA
        UCA1IE_H                            05FB
        UCA1IE_L                            05FA
shapes ( C:\ECE-306 Code\Project 7\Debug\Obj\shapes.r43 )
        shape                               NOT NEEDED
        ?setjmp_save_r4                     NOT NEEDED
        ?setjmp_save_r5                     NOT NEEDED
switch ( C:\ECE-306 Code\Project 7\Debug\Obj\switch.r43 )
        _A_PAOUT_L                          NOT NEEDED
        _A_PBIN_L                           0220
        _A_PJOUT_L                          NOT NEEDED
        _A_UCA1TXBUF_L                      NOT NEEDED
        do_not_detect_black_line            NOT NEEDED
        mode                                1CE8
        count                               NOT NEEDED
        time                                1CEA
        countTime                           1CEE
        countFive                           NOT NEEDED
        time_recorded                       NOT NEEDED
        message                             NOT NEEDED
        i                                   NOT NEEDED
        SSID                                1C36
        PASS                                1C4C
        PRIV                                1C70
        NET                                 1C8A
        SAVE                                1C9F
        BAUD                                NOT NEEDED
        Switches_Process                    CBB2
        ?setjmp_save_r4                     NOT NEEDED
        ?setjmp_save_r5                     NOT NEEDED
        PAOUT                               0202
        PAOUT_H                             0203
        PAOUT_L                             0202
        PBIN                                0220
        PBIN_H                              0221
        PBIN_L                              0220
        PJOUT                               0322
        PJOUT_H                             0323
        PJOUT_L                             0322
        UCA1TXBUF                           05EE
        UCA1TXBUF_H                         05EF
        UCA1TXBUF_L                         05EE
system ( C:\ECE-306 Code\Project 7\Debug\Obj\system.r43 )
        enable_interrupts                   D6C0
        ?setjmp_save_r4                     NOT NEEDED
        ?setjmp_save_r5                     NOT NEEDED
TimerA0 ( C:\ECE-306 Code\Project 7\Debug\Obj\TimerA0.r43 )
        TA0CTL                              0340
        TA0CCTL0                            0342
        TA0CCR0                             NOT NEEDED
        TA0EX0                              0360
        Init_Timer_A0                       D446
        ?setjmp_save_r4                     NOT NEEDED
        ?setjmp_save_r5                     NOT NEEDED
TimerA1 ( C:\ECE-306 Code\Project 7\Debug\Obj\TimerA1.r43 )
        TA1CTL                              0380
        TA1CCTL0                            0382
        TA1CCR0                             NOT NEEDED
        TA1EX0                              03A0
        Init_Timer_A1                       D478
        ?setjmp_save_r4                     NOT NEEDED
        ?setjmp_save_r5                     NOT NEEDED
TimerB1 ( C:\ECE-306 Code\Project 7\Debug\Obj\TimerB1.r43 )
        TB1CTL                              0400
        TB1CCTL1                            0404
        TB1CCTL2                            0406
        TB1CCR0                             0412
        TB1CCR1                             0414
        TB1CCR2                             0416
        rightForwardRate                    1CF0
        rightReverseRate                    1CF2
        Init_Timer_B1                       D3D8
        ?setjmp_save_r4                     NOT NEEDED
        ?setjmp_save_r5                     NOT NEEDED
TimerB2 ( C:\ECE-306 Code\Project 7\Debug\Obj\TimerB2.r43 )
        TB2CTL                              0440
        TB2CCTL1                            0444
        TB2CCTL2                            0446
        TB2CCR0                             0452
        TB2CCR1                             0454
        TB2CCR2                             0456
        leftForwardRate                     1CF4
        leftReverseRate                     1CF6
        Init_Timer_B2                       D3A0
        ?setjmp_save_r4                     NOT NEEDED
        ?setjmp_save_r5                     NOT NEEDED
timers ( C:\ECE-306 Code\Project 7\Debug\Obj\timers.r43 )
        Init_Timers                         D658
        sleep                               D628
        ?setjmp_save_r4                     NOT NEEDED
        ?setjmp_save_r5                     NOT NEEDED
wheels ( C:\ECE-306 Code\Project 7\Debug\Obj\wheels.r43 )
        TB1CCR1                             NOT NEEDED
        TB1CCR2                             NOT NEEDED
        TB2CCR1                             NOT NEEDED
        TB2CCR2                             NOT NEEDED
        Left_Wheel_Off                      D590
        Right_Wheel_Off                     D57A
        Wheels_Off                          D4AA
        Wheels_Forward_On                   NOT NEEDED
        Wheels_Reverse_On                   NOT NEEDED
        Right_Wheel_Forward_On              D678
        Right_Wheel_Reverse_On              D668
        Left_Wheel_Forward_On               D618
        Left_Wheel_Reverse_On               D688
        ?setjmp_save_r4                     NOT NEEDED
        ?setjmp_save_r5                     NOT NEEDED
?abort ( C:\Program Files (x86)\IAR Systems\Embedded Workbench 7.3\430\lib\dlib\dl430xlsfn.r43 )
        abort                               NOT NEEDED
?__dbg_break ( C:\Program Files (x86)\IAR Systems\Embedded Workbench 7.3\430\lib\dlib\dl430xlsfn.r43 )
        __DebugBreak                        D6D2
?__dwrite ( C:\Program Files (x86)\IAR Systems\Embedded Workbench 7.3\430\lib\dlib\dl430xlsfn.r43 )
        __dwrite                            NOT NEEDED
?__exit ( C:\Program Files (x86)\IAR Systems\Embedded Workbench 7.3\430\lib\dlib\dl430xlsfn.r43 )
        __exit                              D5A6
?__write ( C:\Program Files (x86)\IAR Systems\Embedded Workbench 7.3\430\lib\dlib\dl430xlsfn.r43 )
        __write                             NOT NEEDED
?_exit ( C:\Program Files (x86)\IAR Systems\Embedded Workbench 7.3\430\lib\dlib\dl430xlsfn.r43 )
        _exit                               D6CE
        __cstart_call_dtors                 NOT NEEDED
        __cstart_closeall                   NOT NEEDED
        __cstart_clearlocks                 NOT NEEDED
?cppinit ( C:\Program Files (x86)\IAR Systems\Embedded Workbench 7.3\430\lib\dlib\dl430xlsfn.r43 )
        __call_ctors                        NOT NEEDED
        __alloc_record_needed_destruction   NOT NEEDED
        __record_needed_destruction         NOT NEEDED
        __call_dtors                        NOT NEEDED
        __data16_vec_cctor                  NOT NEEDED
?cstart ( C:\Program Files (x86)\IAR Systems\Embedded Workbench 7.3\430\lib\dlib\dl430xlsfn.r43 )
        __program_start                     C378
        ?cstart_begin                       C378
        ?cstart_call_mpu_init               NOT NEEDED
        ?cstart_call_low_level_init         NOT NEEDED
        ?cstart_init_copy_ramfunc           NOT NEEDED
        ?cstart_init_zero                   C37C
        ?cstart_init_copy                   C388
        ?cstart_init_zero20                 NOT NEEDED
        ?cstart_init_copy20                 NOT NEEDED
        __cstart_init_tls                   NOT NEEDED
        ?cstart_call_ctors                  NOT NEEDED
        ?cstart_call_main                   C398
        ?cstart_end                         C3A0
lowinit ( C:\Program Files (x86)\IAR Systems\Embedded Workbench 7.3\430\lib\dlib\dl430xlsfn.r43 )
        __low_level_init                    NOT NEEDED
?reset_vector ( C:\Program Files (x86)\IAR Systems\Embedded Workbench 7.3\430\lib\dlib\dl430xlsfn.r43 )
        ?reset_vector                       FFFE
?exit ( C:\Program Files (x86)\IAR Systems\Embedded Workbench 7.3\430\lib\dlib\dl430xlsfn.r43 )
        exit                                D6CA
?malloc ( C:\Program Files (x86)\IAR Systems\Embedded Workbench 7.3\430\lib\dlib\dl430xlsfn.r43 )
        malloc                              NOT NEEDED
?memcpy ( C:\Program Files (x86)\IAR Systems\Embedded Workbench 7.3\430\lib\dlib\dl430xlsfn.r43 )
        memcpy                              D5E2
?memmove ( C:\Program Files (x86)\IAR Systems\Embedded Workbench 7.3\430\lib\dlib\dl430xlsfn.r43 )
        memmove                             NOT NEEDED
?memzero ( C:\Program Files (x86)\IAR Systems\Embedded Workbench 7.3\430\lib\dlib\dl430xlsfn.r43 )
        __data16_memzero                    D638
        __data16_memcpy                     D6C6
        __data16_memmove                    NOT NEEDED
?MpuInit ( C:\Program Files (x86)\IAR Systems\Embedded Workbench 7.3\430\lib\dlib\dl430xlsfn.r43 )
        __iar_430_mpu_init                  NOT NEEDED
        ?mpu1_4k_init                       NOT NEEDED
        ?mpu1_8k_init                       NOT NEEDED
        ?mpu1_16k_init                      NOT NEEDED
        ?mpu2_init                          NOT NEEDED
?setjmp ( C:\Program Files (x86)\IAR Systems\Embedded Workbench 7.3\430\lib\dlib\dl430xlsfn.r43 )
        setjmp                              NOT NEEDED
        ?setjmp_r5                          NOT NEEDED
        ?setjmp_r4                          NOT NEEDED
        ?setjmp_end                         NOT NEEDED
?longjmp ( C:\Program Files (x86)\IAR Systems\Embedded Workbench 7.3\430\lib\dlib\dl430xlsfn.r43 )
        longjmp                             NOT NEEDED
        ?longjmp_r5                         NOT NEEDED
        ?longjmp_r4                         NOT NEEDED
        ?longjmp_end                        NOT NEEDED
?IndCallR11 ( C:\Program Files (x86)\IAR Systems\Embedded Workbench 7.3\430\lib\dlib\dl430xlsfn.r43 )
        ?IndCallR11                         NOT NEEDED
?IndCallR15 ( C:\Program Files (x86)\IAR Systems\Embedded Workbench 7.3\430\lib\dlib\dl430xlsfn.r43 )
        ?IndCallR15                         NOT NEEDED
?xcloseall ( C:\Program Files (x86)\IAR Systems\Embedded Workbench 7.3\430\lib\dlib\dl430xlsfn.r43 )
        _Close_all                          NOT NEEDED
?xgetmemchunk ( C:\Program Files (x86)\IAR Systems\Embedded Workbench 7.3\430\lib\dlib\dl430xlsfn.r43 )
        __data16_GetMemChunk                NOT NEEDED
?xxmemxfree ( C:\Program Files (x86)\IAR Systems\Embedded Workbench 7.3\430\lib\dlib\dl430xlsfn.r43 )
        __data16_free                       NOT NEEDED
?xxmemxmalloc ( C:\Program Files (x86)\IAR Systems\Embedded Workbench 7.3\430\lib\dlib\dl430xlsfn.r43 )
        __data16_Aldata                     NOT NEEDED
        __data16_malloc                     NOT NEEDED
        __data16_findmem                     LOCAL, NOT NEEDED


                ****************************************
                *                                      *
                *            MODULE SUMMARY            *
                *                                      *
                ****************************************

Module               CODE      DATA      CONST
------               ----      ----      -----
                    (Rel)  (Rel)  (Abs)  (Rel)
?__dbg_break            2
?__exit                20
?_exit                  4
?cstart                40
?exit                   4
?memcpy                18
?memzero               20
?reset_vector           2
ADC                   498     40     14     20
  + common             94
LCD                   446     52      8
  + shared                            4
TimerA0                50             6
TimerA1                50             6
TimerB1                56      4      8
  + shared                            4
TimerB2                56      4      8
  + shared                            4
clocks                114            12
display                68
init                   30
interrupts_timers     120      2      4
  + shared             92             4
  + common
main                1 574     43           152
  + shared                            4
ports                 670            22
serial                570    223     26     25
  + common             98
switch                358    117      2    178
system                  6
timers                 32
wheels                150
N/A (command line)           160
N/A (alignment)
----------          -----    ---    ---    ---
Total:              4 958    645    136    375
  + common             98


                ****************************************
                *                                      *
                *      SEGMENTS IN ADDRESS ORDER       *
                *                                      *
                ****************************************


SEGMENT              SPACE    START ADDRESS   END ADDRESS     SIZE  TYPE  ALIGN
=======              =====    =============   ===========     ====  ====  =====
DATA16_AN                              015C - 015D               2   rel    0
                                       0160 - 0169               A 
                                       0202 - 0207               6 
                                       020A - 020D               4 
                                       0220 - 0227               8 
                                       022A - 022D               4 
                                       0322 - 0325               4 
                                       032A - 032D               4 
                                       0340 - 0343               4 
                                       0352 - 0353               2 
                                       0360 - 0361               2 
                                       036E - 036F               2 
                                       0380 - 0383               4 
                                       0392 - 0393               2 
                                       03A0 - 03A1               2 
                                       03AE - 03AF               2 
                                       0400 - 0401               2 
                                       0404 - 0407               4 
                                       0412 - 0417               6 
                                       0440 - 0441               2 
                                       0444 - 0447               4 
                                       0452 - 0457               6 
                                       05C0 - 05C1               2 
                                       05C6 - 05C9               4 
                                       05CC - 05CF               4 
                                       05DA - 05DB               2 
                                       05DE - 05E1               4 
                                       05E6 - 05E9               4 
                                       05EC - 05EF               4 
                                       05FA - 05FB               2 
                                       05FE - 05FF               2 
                                       0640 - 0641               2 
                                       0646 - 0647               2 
                                       064E - 064F               2 
                                       066C - 066D               2 
                                       0700 - 0705               6 
                                       070A - 070B               2 
                                       0712 - 0713               2 
                                       071A - 071B               2 
                                       071E - 071F               2 
DATA16_I                               1C00 - 1CA2              A3   rel    1
DATA16_Z                               1CA4 - 1DE5             142   rel    1
DATA20_I                                  1DE6                       rel    1
DATA20_Z                                  1DE6                       rel    1
DATA20_N                                  1DE6                       rel    1
CODE_I                                    1DE6                       rel    1
CSTACK                                 1F60 - 1FFF              A0   rel    1
DATA16_C                               C200 - C2D3              D4   rel    0
DATA16_ID                              C2D4 - C376              A3   rel    1
DATA20_ID                                 C378                       rel    1
DATA20_C                                  C378                       rel    1
CSTART                                 C378 - C39F              28   rel    1
ISR_CODE                               C3A0 - C5D5             236   rel    1
CODE_ID                                   C5D6                       rel    1
<CODE> 1                               C5D6 - D6D3            10FE   rel    1
INTVEC                                 FF90 - FFF1              62   com    1
RESET                                  FFFE - FFFF               2   rel    1

                ****************************************
                *                                      *
                *        END OF CROSS REFERENCE        *
                *                                      *
                ****************************************

 5 056 bytes of CODE  memory
   645 bytes of DATA  memory (+ 136 absolute )
   375 bytes of CONST memory

Errors: none
Warnings: none

