###############################################################################
#
# IAR C/C++ Compiler V6.40.1.950/W32 for MSP430           13/Apr/2016  15:38:30
# Copyright 1996-2015 IAR Systems AB.
# Standalone license - IAR Embedded Workbench for Texas Instruments MSP430, 8K KickStart Edition 6.40
#
#    __rt_version  =  3
#    __double_size =  32
#    __reg_r4      =  free
#    __reg_r5      =  free
#    __pic         =  no
#    __core        =  430X
#    __data_model  =  small
#    __code_model  =  large
#    Source file   =  C:\ECE-306 Code\Project 7\system.c
#    Command line  =  
#        "C:\ECE-306 Code\Project 7\system.c" -lC "C:\ECE-306 Code\Project
#        7\Debug\List" -o "C:\ECE-306 Code\Project 7\Debug\Obj" --no_cse
#        --no_unroll --no_inline --no_code_motion --no_tbaa --debug
#        -D__MSP430FR5739__ -e --double=32 --dlib_config "C:\Program Files
#        (x86)\IAR Systems\Embedded Workbench 7.3\430\lib\dlib\dl430xlsfn.h"
#        --core=430X --data_model=small -On --multiplier=32
#        --hw_workaround=CPU40 --code_model=large
#    List file     =  C:\ECE-306 Code\Project 7\Debug\List\system.lst
#    Object file   =  C:\ECE-306 Code\Project 7\Debug\Obj\system.r43
#
###############################################################################

C:\ECE-306 Code\Project 7\system.c
      1          //------------------------------------------------------------------------------
      2          //  File: system.c
      3          //  Description: This file contains the System Configurations 
      4          //
      5          //  Zach Hannum
      6          //  Feb 2016
      7          //  Built with IAR Embedded Workbench Version: V7.3.1.3987 (6.40.1)
      8          //------------------------------------------------------------------------------
      9          
     10          //------------------------------------------------------------------------------
     11          #include  "msp430.h"
     12          
     13          void enable_interrupts(void);
     14          
     15          //------------------------------------------------------------------------------
     16          // System Configurations
     17          
     18          // Tells the compiler to provide the value in reg as an input to an 
     19          // inline assembly block.  Even though the block contains no instructions,
     20          // the compiler may not optimize it away, and is told that the value
     21          // may change and should not be relied upon.
     22          
     23          //inline void READ_AND_DISCARD(unsigned int reg) __attribute__((always_inline));
     24          //void READ_AND_DISCARD(unsigned int reg){
     25          //  asm volatile ("" : "=m" (reg) : "r" (reg));
     26          //}
     27          
     28          //inline void enable_interrupts(void) __attribute__((always_inline));

   \                                 In  segment CODE, align 2
     29          void enable_interrupts(void){
   \                     enable_interrupts:
     30            __bis_SR_register(GIE);     // enable interrupts
   \   000000   0343         NOP
   \   000002   32D2         BIS.W   #0x8, SR
     31          //  asm volatile ("eint \n");
     32          }
   \   000004   1001         RETA
     33          
     34          //inline void disable_interrupts(void) __attribute__((always_inline));
     35          //void disable_interrupts(void){
     36          //  asm volatile ("dint \n");
     37          //}
     38          

   Maximum stack usage in bytes:

   CSTACK Function
   ------ --------
      4   enable_interrupts


   Segment part sizes:

   Bytes  Function/Label
   -----  --------------
       6  enable_interrupts

 
 6 bytes in segment CODE
 
 6 bytes of CODE memory

Errors: none
Warnings: none
