###############################################################################
#
# IAR C/C++ Compiler V6.40.1.950/W32 for MSP430           18/Apr/2016  17:03:33
# Copyright 1996-2015 IAR Systems AB.
# Standalone license - IAR Embedded Workbench for Texas Instruments MSP430, 8K KickStart Edition 6.40
#
#    __rt_version  =  3
#    __double_size =  32
#    __reg_r4      =  free
#    __reg_r5      =  free
#    __pic         =  no
#    __core        =  430X
#    __data_model  =  small
#    __code_model  =  large
#    Source file   =  C:\ECE-306 Code\Project 7\TimerB1.c
#    Command line  =  
#        "C:\ECE-306 Code\Project 7\TimerB1.c" -lC "C:\ECE-306 Code\Project
#        7\Debug\List" -o "C:\ECE-306 Code\Project 7\Debug\Obj" --no_cse
#        --no_unroll --no_inline --no_code_motion --no_tbaa --debug
#        -D__MSP430FR5739__ -e --double=32 --dlib_config "C:\Program Files
#        (x86)\IAR Systems\Embedded Workbench 7.3\430\lib\dlib\dl430xlsfn.h"
#        --core=430X --data_model=small -On --multiplier=32
#        --hw_workaround=CPU40 --code_model=large
#    List file     =  C:\ECE-306 Code\Project 7\Debug\List\TimerB1.lst
#    Object file   =  C:\ECE-306 Code\Project 7\Debug\Obj\TimerB1.r43
#
###############################################################################

C:\ECE-306 Code\Project 7\TimerB1.c
      1          //------------------------------------------------------------------------------
      2          //  File: TimerA0.c
      3          //  Description: This file sets up TimerA0
      4          //
      5          //
      6          //  Zach Hannum
      7          //  Feb 2016
      8          //  Built with IAR Embedded Workbench Version: V7.3.1.3987 (6.40.1)
      9          //------------------------------------------------------------------------------
     10          
     11          //------------------------------------------------------------------------------
     12          #include  "msp430.h"

   \                                 In  segment DATA16_AN, at 0x400
   \   unsigned short volatile TB1CTL
   \                     TB1CTL:
   \   000000                DS8 2

   \                                 In  segment DATA16_AN, at 0x404
   \   unsigned short volatile TB1CCTL1
   \                     TB1CCTL1:
   \   000000                DS8 2

   \                                 In  segment DATA16_AN, at 0x406
   \   unsigned short volatile TB1CCTL2
   \                     TB1CCTL2:
   \   000000                DS8 2

   \                                 In  segment DATA16_AN, at 0x412
   \   unsigned short volatile TB1CCR0
   \                     TB1CCR0:
   \   000000                DS8 2

   \                                 In  segment DATA16_AN, at 0x414
   \   unsigned short volatile TB1CCR1
   \                     TB1CCR1:
   \   000000                DS8 2

   \                                 In  segment DATA16_AN, at 0x416
   \   unsigned short volatile TB1CCR2
   \                     TB1CCR2:
   \   000000                DS8 2
     13          #include  "functions.h"
     14          #include  "macros.h"
     15          

   \                                 In  segment DATA16_Z, align 2, align-sorted
   \   000000                REQUIRE ?cstart_init_zero
     16          volatile unsigned int rightForwardRate;
   \                     rightForwardRate:
   \   000000                DS8 2

   \                                 In  segment DATA16_Z, align 2, align-sorted
   \   000000                REQUIRE ?cstart_init_zero
     17          volatile unsigned int rightReverseRate;
   \                     rightReverseRate:
   \   000000                DS8 2
     18          

   \                                 In  segment CODE, align 2
     19          void Init_Timer_B1(void){
   \                     Init_Timer_B1:
     20          //----------------------------------------------------------------------------
     21          // 
     22          //===========================================================================
     23          // Function name: Init_Timer_B1
     24          //
     25          // Description: Initializes timer B1 for use with right wheel forward and reverse pwm
     26          //
     27          // Passed : no variables passed
     28          // Locals: no variables declared
     29          // Returned: no values returned
     30          // Globals: 
     31          //
     32          // Author:  Zach Hannum
     33          // Date: Feb 2016
     34          // Compiler: Built with IAR Embedded Workbench Version: V4.10A/W32 (6.40.1)
     35          //===========================================================================
     36            
     37            TB1CTL = TBSSEL__SMCLK; //SMCLK
   \   000000   B24000020004 MOV.W   #0x200, &0x400
     38            TB1CTL |= MC_1;         //UP MODE
   \   000006   B2D010000004 BIS.W   #0x10, &0x400
     39            TB1CTL |= TBCLR;        //CLEAR TAR
   \   00000C   A2D20004     BIS.W   #0x4, &0x400
     40            
     41            rightForwardRate = OFF;
   \   000010   8243....     MOV.W   #0x0, &rightForwardRate
     42            rightReverseRate = OFF;
   \   000014   8243....     MOV.W   #0x0, &rightReverseRate
     43            
     44            TB1CCR0 = WHEEL_PERIOD;
   \   000018   B240E8031204 MOV.W   #0x3e8, &0x412
     45            TB1CCTL1 = OUTMOD_7;
   \   00001E   B240E0000404 MOV.W   #0xe0, &0x404
     46            TB1CCR1 = rightForwardRate;
   \   000024   9242....1404 MOV.W   &rightForwardRate, &0x414
     47            TB1CCTL2 = OUTMOD_7;
   \   00002A   B240E0000604 MOV.W   #0xe0, &0x406
     48            TB1CCR2 = rightReverseRate;
   \   000030   9242....1604 MOV.W   &rightReverseRate, &0x416
     49            
     50            
     51            
     52          }
   \   000036   1001         RETA
   \   000038                REQUIRE TB1CTL
   \   000038                REQUIRE TB1CCR0
   \   000038                REQUIRE TB1CCTL1
   \   000038                REQUIRE TB1CCR1
   \   000038                REQUIRE TB1CCTL2
   \   000038                REQUIRE TB1CCR2
     53          
     54          
     55          
     56          

   Maximum stack usage in bytes:

   CSTACK Function
   ------ --------
      4   Init_Timer_B1


   Segment part sizes:

   Bytes  Function/Label
   -----  --------------
      56  Init_Timer_B1
       2  TB1CCR0
       2  TB1CCR1
       2  TB1CCR2
       2  TB1CCTL1
       2  TB1CCTL2
       2  TB1CTL
       2  rightForwardRate
       2  rightReverseRate

 
 56 bytes in segment CODE
 12 bytes in segment DATA16_AN
  4 bytes in segment DATA16_Z
 
 56 bytes of CODE memory
  4 bytes of DATA memory (+ 12 bytes shared)

Errors: none
Warnings: none
